// Jest Snapshot v1, https://goo.gl/fbAQLP

exports[`Pruebas en <PrimeraApp/> Debe de mostrar <PrimeraApp/> correcatamente 1`] = `
<Fragment>
  <h1>
    Hola, soy Goku!
  </h1>
  <p>
    soy un subtitulo
  </p>
</Fragment>
`;
